Archive member included to satisfy reference by file (symbol)

d:/dlib/gcc-arm-none-eabi-10.3-2021.10-win32/gcc-arm-none-eabi-10.3-2021.10/bin/../lib/gcc/arm-none-eabi/10.3.1/../../../../arm-none-eabi/lib/thumb/v7-m/nofp\libg.a(lib_a-errno.o)
                              CMakeFiles/LED1.elf.dir/Core/Src/syscalls.c.obj (__errno)
d:/dlib/gcc-arm-none-eabi-10.3-2021.10-win32/gcc-arm-none-eabi-10.3-2021.10/bin/../lib/gcc/arm-none-eabi/10.3.1/../../../../arm-none-eabi/lib/thumb/v7-m/nofp\libg.a(lib_a-exit.o)
                              d:/dlib/gcc-arm-none-eabi-10.3-2021.10-win32/gcc-arm-none-eabi-10.3-2021.10/bin/../lib/gcc/arm-none-eabi/10.3.1/../../../../arm-none-eabi/lib/thumb/v7-m/nofp/crt0.o (exit)
d:/dlib/gcc-arm-none-eabi-10.3-2021.10-win32/gcc-arm-none-eabi-10.3-2021.10/bin/../lib/gcc/arm-none-eabi/10.3.1/../../../../arm-none-eabi/lib/thumb/v7-m/nofp\libg.a(lib_a-impure.o)
                              d:/dlib/gcc-arm-none-eabi-10.3-2021.10-win32/gcc-arm-none-eabi-10.3-2021.10/bin/../lib/gcc/arm-none-eabi/10.3.1/../../../../arm-none-eabi/lib/thumb/v7-m/nofp\libg.a(lib_a-exit.o) (_global_impure_ptr)
d:/dlib/gcc-arm-none-eabi-10.3-2021.10-win32/gcc-arm-none-eabi-10.3-2021.10/bin/../lib/gcc/arm-none-eabi/10.3.1/../../../../arm-none-eabi/lib/thumb/v7-m/nofp\libg.a(lib_a-init.o)
                              d:/dlib/gcc-arm-none-eabi-10.3-2021.10-win32/gcc-arm-none-eabi-10.3-2021.10/bin/../lib/gcc/arm-none-eabi/10.3.1/../../../../arm-none-eabi/lib/thumb/v7-m/nofp/crt0.o (__libc_init_array)
d:/dlib/gcc-arm-none-eabi-10.3-2021.10-win32/gcc-arm-none-eabi-10.3-2021.10/bin/../lib/gcc/arm-none-eabi/10.3.1/../../../../arm-none-eabi/lib/thumb/v7-m/nofp\libg.a(lib_a-memset.o)
                              d:/dlib/gcc-arm-none-eabi-10.3-2021.10-win32/gcc-arm-none-eabi-10.3-2021.10/bin/../lib/gcc/arm-none-eabi/10.3.1/../../../../arm-none-eabi/lib/thumb/v7-m/nofp/crt0.o (memset)
d:/dlib/gcc-arm-none-eabi-10.3-2021.10-win32/gcc-arm-none-eabi-10.3-2021.10/bin/../lib/gcc/arm-none-eabi/10.3.1/../../../../arm-none-eabi/lib/thumb/v7-m/nofp\libg.a(lib_a-__call_atexit.o)
                              d:/dlib/gcc-arm-none-eabi-10.3-2021.10-win32/gcc-arm-none-eabi-10.3-2021.10/bin/../lib/gcc/arm-none-eabi/10.3.1/../../../../arm-none-eabi/lib/thumb/v7-m/nofp\libg.a(lib_a-exit.o) (__call_exitprocs)
d:/dlib/gcc-arm-none-eabi-10.3-2021.10-win32/gcc-arm-none-eabi-10.3-2021.10/bin/../lib/gcc/arm-none-eabi/10.3.1/../../../../arm-none-eabi/lib/thumb/v7-m/nofp\libg.a(lib_a-atexit.o)
                              d:/dlib/gcc-arm-none-eabi-10.3-2021.10-win32/gcc-arm-none-eabi-10.3-2021.10/bin/../lib/gcc/arm-none-eabi/10.3.1/../../../../arm-none-eabi/lib/thumb/v7-m/nofp\libg.a(lib_a-__call_atexit.o) (atexit)
d:/dlib/gcc-arm-none-eabi-10.3-2021.10-win32/gcc-arm-none-eabi-10.3-2021.10/bin/../lib/gcc/arm-none-eabi/10.3.1/../../../../arm-none-eabi/lib/thumb/v7-m/nofp\libg.a(lib_a-fini.o)
                              d:/dlib/gcc-arm-none-eabi-10.3-2021.10-win32/gcc-arm-none-eabi-10.3-2021.10/bin/../lib/gcc/arm-none-eabi/10.3.1/../../../../arm-none-eabi/lib/thumb/v7-m/nofp\libg.a(lib_a-__call_atexit.o) (__libc_fini_array)
d:/dlib/gcc-arm-none-eabi-10.3-2021.10-win32/gcc-arm-none-eabi-10.3-2021.10/bin/../lib/gcc/arm-none-eabi/10.3.1/../../../../arm-none-eabi/lib/thumb/v7-m/nofp\libg.a(lib_a-lock.o)
                              d:/dlib/gcc-arm-none-eabi-10.3-2021.10-win32/gcc-arm-none-eabi-10.3-2021.10/bin/../lib/gcc/arm-none-eabi/10.3.1/../../../../arm-none-eabi/lib/thumb/v7-m/nofp\libg.a(lib_a-__call_atexit.o) (__retarget_lock_acquire_recursive)
d:/dlib/gcc-arm-none-eabi-10.3-2021.10-win32/gcc-arm-none-eabi-10.3-2021.10/bin/../lib/gcc/arm-none-eabi/10.3.1/../../../../arm-none-eabi/lib/thumb/v7-m/nofp\libg.a(lib_a-__atexit.o)
                              d:/dlib/gcc-arm-none-eabi-10.3-2021.10-win32/gcc-arm-none-eabi-10.3-2021.10/bin/../lib/gcc/arm-none-eabi/10.3.1/../../../../arm-none-eabi/lib/thumb/v7-m/nofp\libg.a(lib_a-atexit.o) (__register_exitproc)

Discarded input sections

 .text          0x00000000        0x0 d:/dlib/gcc-arm-none-eabi-10.3-2021.10-win32/gcc-arm-none-eabi-10.3-2021.10/bin/../lib/gcc/arm-none-eabi/10.3.1/thumb/v7-m/nofp/crti.o
 .data          0x00000000        0x0 d:/dlib/gcc-arm-none-eabi-10.3-2021.10-win32/gcc-arm-none-eabi-10.3-2021.10/bin/../lib/gcc/arm-none-eabi/10.3.1/thumb/v7-m/nofp/crti.o
 .bss           0x00000000        0x0 d:/dlib/gcc-arm-none-eabi-10.3-2021.10-win32/gcc-arm-none-eabi-10.3-2021.10/bin/../lib/gcc/arm-none-eabi/10.3.1/thumb/v7-m/nofp/crti.o
 .data          0x00000000        0x4 d:/dlib/gcc-arm-none-eabi-10.3-2021.10-win32/gcc-arm-none-eabi-10.3-2021.10/bin/../lib/gcc/arm-none-eabi/10.3.1/thumb/v7-m/nofp/crtbegin.o
 .rodata        0x00000000       0x24 d:/dlib/gcc-arm-none-eabi-10.3-2021.10-win32/gcc-arm-none-eabi-10.3-2021.10/bin/../lib/gcc/arm-none-eabi/10.3.1/thumb/v7-m/nofp/crtbegin.o
[...]
Memory Configuration

Name             Origin             Length             Attributes
RAM              0x20000000         0x00005000         xrw
FLASH            0x08000000         0x00010000         xr
*default*        0x00000000         0xffffffff

Linker script and memory map

LOAD d:/dlib/gcc-arm-none-eabi-10.3-2021.10-win32/gcc-arm-none-eabi-10.3-2021.10/bin/../lib/gcc/arm-none-eabi/10.3.1/thumb/v7-m/nofp/crti.o
LOAD d:/dlib/gcc-arm-none-eabi-10.3-2021.10-win32/gcc-arm-none-eabi-10.3-2021.10/bin/../lib/gcc/arm-none-eabi/10.3.1/thumb/v7-m/nofp/crtbegin.o
LOAD d:/dlib/gcc-arm-none-eabi-10.3-2021.10-win32/gcc-arm-none-eabi-10.3-2021.10/bin/../lib/gcc/arm-none-eabi/10.3.1/../../../../arm-none-eabi/lib/thumb/v7-m/nofp/crt0.o
LOAD CMakeFiles/LED1.elf.dir/Core/Src/main.c.obj
LOAD CMakeFiles/LED1.elf.dir/Core/Src/stm32f1xx_hal_msp.c.obj
LOAD CMakeFiles/LED1.elf.dir/Core/Src/stm32f1xx_it.c.obj
LOAD CMakeFiles/LED1.elf.dir/Core/Src/syscalls.c.obj
LOAD CMakeFiles/LED1.elf.dir/Core/Src/system_stm32f1xx.c.obj
LOAD CMakeFiles/LED1.elf.dir/Drivers/STM32F1xx_HAL_Driver/Src/stm32f1xx_hal.c.obj
LOAD CMakeFiles/LED1.elf.dir/Drivers/STM32F1xx_HAL_Driver/Src/stm32f1xx_hal_cortex.c.obj
LOAD CMakeFiles/LED1.elf.dir/Drivers/STM32F1xx_HAL_Driver/Src/stm32f1xx_hal_dma.c.obj
LOAD CMakeFiles/LED1.elf.dir/Drivers/STM32F1xx_HAL_Driver/Src/stm32f1xx_hal_exti.c.obj
LOAD CMakeFiles/LED1.elf.dir/Drivers/STM32F1xx_HAL_Driver/Src/stm32f1xx_hal_flash.c.obj
LOAD CMakeFiles/LED1.elf.dir/Drivers/STM32F1xx_HAL_Driver/Src/stm32f1xx_hal_flash_ex.c.obj
LOAD CMakeFiles/LED1.elf.dir/Drivers/STM32F1xx_HAL_Driver/Src/stm32f1xx_hal_gpio.c.obj
LOAD CMakeFiles/LED1.elf.dir/Drivers/STM32F1xx_HAL_Driver/Src/stm32f1xx_hal_gpio_ex.c.obj
LOAD CMakeFiles/LED1.elf.dir/Drivers/STM32F1xx_HAL_Driver/Src/stm32f1xx_hal_pwr.c.obj
LOAD CMakeFiles/LED1.elf.dir/Drivers/STM32F1xx_HAL_Driver/Src/stm32f1xx_hal_rcc.c.obj
LOAD CMakeFiles/LED1.elf.dir/Drivers/STM32F1xx_HAL_Driver/Src/stm32f1xx_hal_rcc_ex.c.obj
LOAD CMakeFiles/LED1.elf.dir/Drivers/STM32F1xx_HAL_Driver/Src/stm32f1xx_hal_tim.c.obj
LOAD CMakeFiles/LED1.elf.dir/Drivers/STM32F1xx_HAL_Driver/Src/stm32f1xx_hal_tim_ex.c.obj
LOAD CMakeFiles/LED1.elf.dir/Drivers/STM32F1xx_HAL_Driver/Src/stm32f1xx_hal_uart.c.obj
LOAD CMakeFiles/LED1.elf.dir/startup/startup_stm32f103xb.s.obj
START GROUP
LOAD d:/dlib/gcc-arm-none-eabi-10.3-2021.10-win32/gcc-arm-none-eabi-10.3-2021.10/bin/../lib/gcc/arm-none-eabi/10.3.1/thumb/v7-m/nofp\libgcc.a
LOAD d:/dlib/gcc-arm-none-eabi-10.3-2021.10-win32/gcc-arm-none-eabi-10.3-2021.10/bin/../lib/gcc/arm-none-eabi/10.3.1/../../../../arm-none-eabi/lib/thumb/v7-m/nofp\libg.a
LOAD d:/dlib/gcc-arm-none-eabi-10.3-2021.10-win32/gcc-arm-none-eabi-10.3-2021.10/bin/../lib/gcc/arm-none-eabi/10.3.1/../../../../arm-none-eabi/lib/thumb/v7-m/nofp\libc.a
END GROUP
LOAD d:/dlib/gcc-arm-none-eabi-10.3-2021.10-win32/gcc-arm-none-eabi-10.3-2021.10/bin/../lib/gcc/arm-none-eabi/10.3.1/thumb/v7-m/nofp/crtend.o
LOAD d:/dlib/gcc-arm-none-eabi-10.3-2021.10-win32/gcc-arm-none-eabi-10.3-2021.10/bin/../lib/gcc/arm-none-eabi/10.3.1/thumb/v7-m/nofp/crtn.o
                0x20005000                _estack = 0x20005000
                0x00000200                _Min_Heap_Size = 0x200
                0x00000400                _Min_Stack_Size = 0x400

.isr_vector     0x08000000      0x10c
                0x08000000                . = ALIGN (0x4)
 *(.isr_vector)
 .isr_vector    0x08000000      0x10c CMakeFiles/LED1.elf.dir/startup/startup_stm32f103xb.s.obj
                0x08000000                g_pfnVectors
                0x0800010c                . = ALIGN (0x4)

.text           0x0800010c      0xf90
                0x0800010c                . = ALIGN (0x4)
 *(.text)
 .text          0x0800010c       0x40 d:/dlib/gcc-arm-none-eabi-10.3-2021.10-win32/gcc-arm-none-eabi-10.3-2021.10/bin/../lib/gcc/arm-none-eabi/10.3.1/thumb/v7-m/nofp/crtbegin.o
 *(.text*)
 .text.MX_GPIO_Init
                0x0800014c       0x78 CMakeFiles/LED1.elf.dir/Core/Src/main.c.obj
 .text.Error_Handler
                0x080001c4        0x4 CMakeFiles/LED1.elf.dir/Core/Src/main.c.obj
                0x080001c4                Error_Handler
 .text.MX_USART1_UART_Init
                0x080001c8       0x34 CMakeFiles/LED1.elf.dir/Core/Src/main.c.obj
 .text.SystemClock_Config
                0x080001fc       0x52 CMakeFiles/LED1.elf.dir/Core/Src/main.c.obj
                0x080001fc                SystemClock_Config
 *fill*         0x0800024e        0x2 
 .text.main     0x08000250       0x44 CMakeFiles/LED1.elf.dir/Core/Src/main.c.obj
                0x08000250                main
 .text.HAL_MspInit
                0x08000294       0x44 CMakeFiles/LED1.elf.dir/Core/Src/stm32f1xx_hal_msp.c.obj
                0x08000294                HAL_MspInit
 .text.HAL_UART_MspInit
                0x080002d8       0x78 CMakeFiles/LED1.elf.dir/Core/Src/stm32f1xx_hal_msp.c.obj
                0x080002d8                HAL_UART_MspInit
 .text.NMI_Handler
                0x08000350        0x2 CMakeFiles/LED1.elf.dir/Core/Src/stm32f1xx_it.c.obj
                0x08000350                NMI_Handler
 .text.HardFault_Handler
                0x08000352        0x2 CMakeFiles/LED1.elf.dir/Core/Src/stm32f1xx_it.c.obj
                0x08000352                HardFault_Handler
 .text.MemManage_Handler
                0x08000354        0x2 CMakeFiles/LED1.elf.dir/Core/Src/stm32f1xx_it.c.obj
                0x08000354                MemManage_Handler
 .text.BusFault_Handler
                0x08000356        0x2 CMakeFiles/LED1.elf.dir/Core/Src/stm32f1xx_it.c.obj
                0x08000356                BusFault_Handler
 .text.UsageFault_Handler
                0x08000358        0x2 CMakeFiles/LED1.elf.dir/Core/Src/stm32f1xx_it.c.obj
                0x08000358                UsageFault_Handler
 .text.SVC_Handler
                0x0800035a        0x2 CMakeFiles/LED1.elf.dir/Core/Src/stm32f1xx_it.c.obj
                0x0800035a                SVC_Handler
 .text.DebugMon_Handler
                0x0800035c        0x2 CMakeFiles/LED1.elf.dir/Core/Src/stm32f1xx_it.c.obj
                0x0800035c                DebugMon_Handler
 .text.PendSV_Handler
                0x0800035e        0x2 CMakeFiles/LED1.elf.dir/Core/Src/stm32f1xx_it.c.obj
                0x0800035e                PendSV_Handler
 .text.SysTick_Handler
                0x08000360        0x8 CMakeFiles/LED1.elf.dir/Core/Src/stm32f1xx_it.c.obj
                0x08000360                SysTick_Handler
 .text.SystemInit
                0x08000368        0x2 CMakeFiles/LED1.elf.dir/Core/Src/system_stm32f1xx.c.obj
                0x08000368                SystemInit
 *fill*         0x0800036a        0x2 
 .text.HAL_InitTick
                0x0800036c       0x4c CMakeFiles/LED1.elf.dir/Drivers/STM32F1xx_HAL_Driver/Src/stm32f1xx_hal.c.obj
                0x0800036c                HAL_InitTick
 .text.HAL_Init
                0x080003b8       0x24 CMakeFiles/LED1.elf.dir/Drivers/STM32F1xx_HAL_Driver/Src/stm32f1xx_hal.c.obj
                0x080003b8                HAL_Init
 .text.HAL_IncTick
                0x080003dc       0x18 CMakeFiles/LED1.elf.dir/Drivers/STM32F1xx_HAL_Driver/Src/stm32f1xx_hal.c.obj
                0x080003dc                HAL_IncTick
 .text.HAL_GetTick
                0x080003f4        0xc CMakeFiles/LED1.elf.dir/Drivers/STM32F1xx_HAL_Driver/Src/stm32f1xx_hal.c.obj
                0x080003f4                HAL_GetTick
 .text.HAL_Delay
                0x08000400       0x28 CMakeFiles/LED1.elf.dir/Drivers/STM32F1xx_HAL_Driver/Src/stm32f1xx_hal.c.obj
                0x08000400                HAL_Delay
 .text.HAL_NVIC_SetPriorityGrouping
                0x08000428       0x24 CMakeFiles/LED1.elf.dir/Drivers/STM32F1xx_HAL_Driver/Src/stm32f1xx_hal_cortex.c.obj
                0x08000428                HAL_NVIC_SetPriorityGrouping
 .text.HAL_NVIC_SetPriority
                0x0800044c       0x70 CMakeFiles/LED1.elf.dir/Drivers/STM32F1xx_HAL_Driver/Src/stm32f1xx_hal_cortex.c.obj
                0x0800044c                HAL_NVIC_SetPriority
 .text.HAL_SYSTICK_Config
                0x080004bc       0x28 CMakeFiles/LED1.elf.dir/Drivers/STM32F1xx_HAL_Driver/Src/stm32f1xx_hal_cortex.c.obj
                0x080004bc                HAL_SYSTICK_Config
 .text.HAL_GPIO_Init
                0x080004e4      0x224 CMakeFiles/LED1.elf.dir/Drivers/STM32F1xx_HAL_Driver/Src/stm32f1xx_hal_gpio.c.obj
                0x080004e4                HAL_GPIO_Init
 .text.HAL_GPIO_WritePin
                0x08000708        0xc CMakeFiles/LED1.elf.dir/Drivers/STM32F1xx_HAL_Driver/Src/stm32f1xx_hal_gpio.c.obj
                0x08000708                HAL_GPIO_WritePin
 .text.RCC_Delay
                0x08000714       0x2c CMakeFiles/LED1.elf.dir/Drivers/STM32F1xx_HAL_Driver/Src/stm32f1xx_hal_rcc.c.obj
 .text.HAL_RCC_OscConfig
                0x08000740      0x410 CMakeFiles/LED1.elf.dir/Drivers/STM32F1xx_HAL_Driver/Src/stm32f1xx_hal_rcc.c.obj
                0x08000740                HAL_RCC_OscConfig
 .text.HAL_RCC_GetSysClockFreq
                0x08000b50       0x70 CMakeFiles/LED1.elf.dir/Drivers/STM32F1xx_HAL_Driver/Src/stm32f1xx_hal_rcc.c.obj
                0x08000b50                HAL_RCC_GetSysClockFreq
 .text.HAL_RCC_ClockConfig
                0x08000bc0      0x16c CMakeFiles/LED1.elf.dir/Drivers/STM32F1xx_HAL_Driver/Src/stm32f1xx_hal_rcc.c.obj
                0x08000bc0                HAL_RCC_ClockConfig
 .text.HAL_RCC_GetHCLKFreq
                0x08000d2c        0xc CMakeFiles/LED1.elf.dir/Drivers/STM32F1xx_HAL_Driver/Src/stm32f1xx_hal_rcc.c.obj
                0x08000d2c                HAL_RCC_GetHCLKFreq
 .text.HAL_RCC_GetPCLK1Freq
                0x08000d38       0x20 CMakeFiles/LED1.elf.dir/Drivers/STM32F1xx_HAL_Driver/Src/stm32f1xx_hal_rcc.c.obj
                0x08000d38                HAL_RCC_GetPCLK1Freq
 .text.HAL_RCC_GetPCLK2Freq
                0x08000d58       0x20 CMakeFiles/LED1.elf.dir/Drivers/STM32F1xx_HAL_Driver/Src/stm32f1xx_hal_rcc.c.obj
                0x08000d58                HAL_RCC_GetPCLK2Freq
 .text.UART_SetConfig
                0x08000d78       0x94 CMakeFiles/LED1.elf.dir/Drivers/STM32F1xx_HAL_Driver/Src/stm32f1xx_hal_uart.c.obj
 .text.HAL_UART_Init
                0x08000e0c       0x5e CMakeFiles/LED1.elf.dir/Drivers/STM32F1xx_HAL_Driver/Src/stm32f1xx_hal_uart.c.obj
                0x08000e0c                HAL_UART_Init
 *fill*         0x08000e6a        0x2 
 .text.Reset_Handler
                0x08000e6c       0x48 CMakeFiles/LED1.elf.dir/startup/startup_stm32f103xb.s.obj
                0x08000e6c                Reset_Handler
 .text.Default_Handler
                0x08000eb4        0x2 CMakeFiles/LED1.elf.dir/startup/startup_stm32f103xb.s.obj
                0x08000eb4                RTC_Alarm_IRQHandler
                0x08000eb4                EXTI2_IRQHandler
                0x08000eb4                TIM1_CC_IRQHandler
                0x08000eb4                PVD_IRQHandler
                0x08000eb4                EXTI3_IRQHandler
                0x08000eb4                EXTI0_IRQHandler
                0x08000eb4                I2C2_EV_IRQHandler
                0x08000eb4                ADC1_2_IRQHandler
                0x08000eb4                SPI1_IRQHandler
                0x08000eb4                TAMPER_IRQHandler
                0x08000eb4                DMA1_Channel4_IRQHandler
                0x08000eb4                USART3_IRQHandler
                0x08000eb4                RTC_IRQHandler
                0x08000eb4                DMA1_Channel7_IRQHandler
                0x08000eb4                CAN1_RX1_IRQHandler
                0x08000eb4                TIM4_IRQHandler
                0x08000eb4                I2C1_EV_IRQHandler
                0x08000eb4                DMA1_Channel6_IRQHandler
                0x08000eb4                TIM3_IRQHandler
                0x08000eb4                RCC_IRQHandler
                0x08000eb4                TIM1_TRG_COM_IRQHandler
                0x08000eb4                DMA1_Channel1_IRQHandler
                0x08000eb4                Default_Handler
                0x08000eb4                EXTI15_10_IRQHandler
                0x08000eb4                EXTI9_5_IRQHandler
                0x08000eb4                SPI2_IRQHandler
                0x08000eb4                DMA1_Channel5_IRQHandler
                0x08000eb4                EXTI4_IRQHandler
                0x08000eb4                USB_LP_CAN1_RX0_IRQHandler
                0x08000eb4                USB_HP_CAN1_TX_IRQHandler
                0x08000eb4                DMA1_Channel3_IRQHandler
                0x08000eb4                TIM1_UP_IRQHandler
                0x08000eb4                WWDG_IRQHandler
                0x08000eb4                TIM2_IRQHandler
                0x08000eb4                TIM1_BRK_IRQHandler
                0x08000eb4                EXTI1_IRQHandler
                0x08000eb4                USART2_IRQHandler
                0x08000eb4                I2C2_ER_IRQHandler
                0x08000eb4                DMA1_Channel2_IRQHandler
                0x08000eb4                CAN1_SCE_IRQHandler
                0x08000eb4                FLASH_IRQHandler
                0x08000eb4                USART1_IRQHandler
                0x08000eb4                I2C1_ER_IRQHandler
                0x08000eb4                USBWakeUp_IRQHandler
 *fill*         0x08000eb6        0x2 
 .text.__libc_init_array
                0x08000eb8       0x48 d:/dlib/gcc-arm-none-eabi-10.3-2021.10-win32/gcc-arm-none-eabi-10.3-2021.10/bin/../lib/gcc/arm-none-eabi/10.3.1/../../../../arm-none-eabi/lib/thumb/v7-m/nofp\libg.a(lib_a-init.o)
                0x08000eb8                __libc_init_array
 .text.memset   0x08000f00       0xa4 d:/dlib/gcc-arm-none-eabi-10.3-2021.10-win32/gcc-arm-none-eabi-10.3-2021.10/bin/../lib/gcc/arm-none-eabi/10.3.1/../../../../arm-none-eabi/lib/thumb/v7-m/nofp\libg.a(lib_a-memset.o)
                0x08000f00                memset
 .text.startup.register_fini
                0x08000fa4       0x14 d:/dlib/gcc-arm-none-eabi-10.3-2021.10-win32/gcc-arm-none-eabi-10.3-2021.10/bin/../lib/gcc/arm-none-eabi/10.3.1/../../../../arm-none-eabi/lib/thumb/v7-m/nofp\libg.a(lib_a-__call_atexit.o)
 .text.atexit   0x08000fb8        0xc d:/dlib/gcc-arm-none-eabi-10.3-2021.10-win32/gcc-arm-none-eabi-10.3-2021.10/bin/../lib/gcc/arm-none-eabi/10.3.1/../../../../arm-none-eabi/lib/thumb/v7-m/nofp\libg.a(lib_a-atexit.o)
                0x08000fb8                atexit
 .text.__libc_fini_array
                0x08000fc4       0x2c d:/dlib/gcc-arm-none-eabi-10.3-2021.10-win32/gcc-arm-none-eabi-10.3-2021.10/bin/../lib/gcc/arm-none-eabi/10.3.1/../../../../arm-none-eabi/lib/thumb/v7-m/nofp\libg.a(lib_a-fini.o)
                0x08000fc4                __libc_fini_array
 .text.__retarget_lock_acquire_recursive
                0x08000ff0        0x4 d:/dlib/gcc-arm-none-eabi-10.3-2021.10-win32/gcc-arm-none-eabi-10.3-2021.10/bin/../lib/gcc/arm-none-eabi/10.3.1/../../../../arm-none-eabi/lib/thumb/v7-m/nofp\libg.a(lib_a-lock.o)
                0x08000ff0                __retarget_lock_acquire_recursive
 .text.__retarget_lock_release_recursive
                0x08000ff4        0x4 d:/dlib/gcc-arm-none-eabi-10.3-2021.10-win32/gcc-arm-none-eabi-10.3-2021.10/bin/../lib/gcc/arm-none-eabi/10.3.1/../../../../arm-none-eabi/lib/thumb/v7-m/nofp\libg.a(lib_a-lock.o)
                0x08000ff4                __retarget_lock_release_recursive
 .text.__register_exitproc
                0x08000ff8       0x8c d:/dlib/gcc-arm-none-eabi-10.3-2021.10-win32/gcc-arm-none-eabi-10.3-2021.10/bin/../lib/gcc/arm-none-eabi/10.3.1/../../../../arm-none-eabi/lib/thumb/v7-m/nofp\libg.a(lib_a-__atexit.o)
                0x08000ff8                __register_exitproc
 *(.glue_7)
 .glue_7        0x08001084        0x0 linker stubs
 *(.glue_7t)
 .glue_7t       0x08001084        0x0 linker stubs
 *(.eh_frame)
 .eh_frame      0x08001084        0x0 d:/dlib/gcc-arm-none-eabi-10.3-2021.10-win32/gcc-arm-none-eabi-10.3-2021.10/bin/../lib/gcc/arm-none-eabi/10.3.1/thumb/v7-m/nofp/crtbegin.o
 *(.init)
 .init          0x08001084        0x4 d:/dlib/gcc-arm-none-eabi-10.3-2021.10-win32/gcc-arm-none-eabi-10.3-2021.10/bin/../lib/gcc/arm-none-eabi/10.3.1/thumb/v7-m/nofp/crti.o
                0x08001084                _init
 .init          0x08001088        0x8 d:/dlib/gcc-arm-none-eabi-10.3-2021.10-win32/gcc-arm-none-eabi-10.3-2021.10/bin/../lib/gcc/arm-none-eabi/10.3.1/thumb/v7-m/nofp/crtn.o
 *(.fini)
 .fini          0x08001090        0x4 d:/dlib/gcc-arm-none-eabi-10.3-2021.10-win32/gcc-arm-none-eabi-10.3-2021.10/bin/../lib/gcc/arm-none-eabi/10.3.1/thumb/v7-m/nofp/crti.o
                0x08001090                _fini
 .fini          0x08001094        0x8 d:/dlib/gcc-arm-none-eabi-10.3-2021.10-win32/gcc-arm-none-eabi-10.3-2021.10/bin/../lib/gcc/arm-none-eabi/10.3.1/thumb/v7-m/nofp/crtn.o
                0x0800109c                . = ALIGN (0x4)
                0x0800109c                _etext = .

.vfp11_veneer   0x0800109c        0x0
 .vfp11_veneer  0x0800109c        0x0 linker stubs

.v4_bx          0x0800109c        0x0
 .v4_bx         0x0800109c        0x0 linker stubs

.iplt           0x0800109c        0x0
 .iplt          0x0800109c        0x0 d:/dlib/gcc-arm-none-eabi-10.3-2021.10-win32/gcc-arm-none-eabi-10.3-2021.10/bin/../lib/gcc/arm-none-eabi/10.3.1/thumb/v7-m/nofp/crtbegin.o

.rodata         0x0800109c       0x30
                0x0800109c                . = ALIGN (0x4)
 *(.rodata)
 *(.rodata*)
 .rodata.AHBPrescTable
                0x0800109c       0x10 CMakeFiles/LED1.elf.dir/Core/Src/system_stm32f1xx.c.obj
                0x0800109c                AHBPrescTable
 .rodata.APBPrescTable
                0x080010ac        0x8 CMakeFiles/LED1.elf.dir/Core/Src/system_stm32f1xx.c.obj
                0x080010ac                APBPrescTable
 .rodata.HAL_RCC_GetSysClockFreq.str1.4
                0x080010b4       0x11 CMakeFiles/LED1.elf.dir/Drivers/STM32F1xx_HAL_Driver/Src/stm32f1xx_hal_rcc.c.obj
 *fill*         0x080010c5        0x3 
 .rodata._global_impure_ptr
                0x080010c8        0x4 d:/dlib/gcc-arm-none-eabi-10.3-2021.10-win32/gcc-arm-none-eabi-10.3-2021.10/bin/../lib/gcc/arm-none-eabi/10.3.1/../../../../arm-none-eabi/lib/thumb/v7-m/nofp\libg.a(lib_a-impure.o)
                0x080010c8                _global_impure_ptr
                0x080010cc                . = ALIGN (0x4)

.rel.dyn        0x080010cc        0x0
 .rel.iplt      0x080010cc        0x0 d:/dlib/gcc-arm-none-eabi-10.3-2021.10-win32/gcc-arm-none-eabi-10.3-2021.10/bin/../lib/gcc/arm-none-eabi/10.3.1/thumb/v7-m/nofp/crtbegin.o

.ARM.extab
 *(.ARM.extab* .gnu.linkonce.armextab.*)

.ARM            0x080010cc        0x0
                0x080010cc                __exidx_start = .
 *(.ARM.exidx*)
                0x080010cc                __exidx_end = .

.preinit_array  0x080010cc        0x0
                0x080010cc                PROVIDE (__preinit_array_start = .)
 *(.preinit_array*)
                0x080010cc                PROVIDE (__preinit_array_end = .)

.init_array     0x080010cc        0x8
                0x080010cc                PROVIDE (__init_array_start = .)
 *(SORT_BY_NAME(.init_array.*))
 .init_array.00000
                0x080010cc        0x4 d:/dlib/gcc-arm-none-eabi-10.3-2021.10-win32/gcc-arm-none-eabi-10.3-2021.10/bin/../lib/gcc/arm-none-eabi/10.3.1/../../../../arm-none-eabi/lib/thumb/v7-m/nofp\libg.a(lib_a-__call_atexit.o)
 *(.init_array*)
 .init_array    0x080010d0        0x4 d:/dlib/gcc-arm-none-eabi-10.3-2021.10-win32/gcc-arm-none-eabi-10.3-2021.10/bin/../lib/gcc/arm-none-eabi/10.3.1/thumb/v7-m/nofp/crtbegin.o
                0x080010d4                PROVIDE (__init_array_end = .)

.fini_array     0x080010d4        0x4
                0x080010d4                PROVIDE (__fini_array_start = .)
 *(SORT_BY_NAME(.fini_array.*))
 *(.fini_array*)
 .fini_array    0x080010d4        0x4 d:/dlib/gcc-arm-none-eabi-10.3-2021.10-win32/gcc-arm-none-eabi-10.3-2021.10/bin/../lib/gcc/arm-none-eabi/10.3.1/thumb/v7-m/nofp/crtbegin.o
                0x080010d8                PROVIDE (__fini_array_end = .)
                0x080010d8                _sidata = LOADADDR (.data)

.data           0x20000000      0x43c load address 0x080010d8
                0x20000000                . = ALIGN (0x4)
                0x20000000                _sdata = .
 *(.data)
 *(.data*)
 .data.SystemCoreClock
                0x20000000        0x4 CMakeFiles/LED1.elf.dir/Core/Src/system_stm32f1xx.c.obj
                0x20000000                SystemCoreClock
 .data.uwTickFreq
                0x20000004        0x1 CMakeFiles/LED1.elf.dir/Drivers/STM32F1xx_HAL_Driver/Src/stm32f1xx_hal.c.obj
                0x20000004                uwTickFreq
 *fill*         0x20000005        0x3 
 .data.uwTickPrio
                0x20000008        0x4 CMakeFiles/LED1.elf.dir/Drivers/STM32F1xx_HAL_Driver/Src/stm32f1xx_hal.c.obj
                0x20000008                uwTickPrio
 *fill*         0x2000000c        0x4 
 .data.impure_data
                0x20000010      0x428 d:/dlib/gcc-arm-none-eabi-10.3-2021.10-win32/gcc-arm-none-eabi-10.3-2021.10/bin/../lib/gcc/arm-none-eabi/10.3.1/../../../../arm-none-eabi/lib/thumb/v7-m/nofp\libg.a(lib_a-impure.o)
 .data.__atexit_recursive_mutex
                0x20000438        0x4 d:/dlib/gcc-arm-none-eabi-10.3-2021.10-win32/gcc-arm-none-eabi-10.3-2021.10/bin/../lib/gcc/arm-none-eabi/10.3.1/../../../../arm-none-eabi/lib/thumb/v7-m/nofp\libg.a(lib_a-__call_atexit.o)
                0x20000438                __atexit_recursive_mutex
                0x2000043c                . = ALIGN (0x4)
                0x2000043c                _edata = .

.igot.plt       0x2000043c        0x0 load address 0x08001514
 .igot.plt      0x2000043c        0x0 d:/dlib/gcc-arm-none-eabi-10.3-2021.10-win32/gcc-arm-none-eabi-10.3-2021.10/bin/../lib/gcc/arm-none-eabi/10.3.1/thumb/v7-m/nofp/crtbegin.o
                0x2000043c                . = ALIGN (0x4)

.bss            0x2000043c       0x68 load address 0x08001514
                0x2000043c                _sbss = .
                0x2000043c                __bss_start__ = _sbss
 *(.bss)
 .bss           0x2000043c       0x1c d:/dlib/gcc-arm-none-eabi-10.3-2021.10-win32/gcc-arm-none-eabi-10.3-2021.10/bin/../lib/gcc/arm-none-eabi/10.3.1/thumb/v7-m/nofp/crtbegin.o
 *(.bss*)
 .bss.huart1    0x20000458       0x44 CMakeFiles/LED1.elf.dir/Core/Src/main.c.obj
                0x20000458                huart1
 .bss.uwTick    0x2000049c        0x4 CMakeFiles/LED1.elf.dir/Drivers/STM32F1xx_HAL_Driver/Src/stm32f1xx_hal.c.obj
                0x2000049c                uwTick
 .bss.__lock___atexit_recursive_mutex
                0x200004a0        0x1 d:/dlib/gcc-arm-none-eabi-10.3-2021.10-win32/gcc-arm-none-eabi-10.3-2021.10/bin/../lib/gcc/arm-none-eabi/10.3.1/../../../../arm-none-eabi/lib/thumb/v7-m/nofp\libg.a(lib_a-lock.o)
                0x200004a0                __lock___atexit_recursive_mutex
 *(COMMON)
                0x200004a4                . = ALIGN (0x4)
 *fill*         0x200004a1        0x3 
                0x200004a4                _ebss = .
                0x200004a4                __bss_end__ = _ebss

._user_heap_stack
                0x200004a4      0x604 load address 0x08001514
                0x200004a8                . = ALIGN (0x8)
 *fill*         0x200004a4        0x4 
                0x200004a8                PROVIDE (end = .)
                [!provide]                PROVIDE (_end = .)
                0x200006a8                . = (. + _Min_Heap_Size)
 *fill*         0x200004a8      0x200 
                0x20000aa8                . = (. + _Min_Stack_Size)
 *fill*         0x200006a8      0x400 
                0x20000aa8                . = ALIGN (0x8)

/DISCARD/
 libc.a(*)
 libm.a(*)
 libgcc.a(*)

.ARM.attributes
                0x00000000       0x29
 *(.ARM.attributes)
 .ARM.attributes
                0x00000000       0x1d d:/dlib/gcc-arm-none-eabi-10.3-2021.10-win32/gcc-arm-none-eabi-10.3-2021.10/bin/../lib/gcc/arm-none-eabi/10.3.1/thumb/v7-m/nofp/crti.o
 .ARM.attributes
                0x0000001d       0x2d d:/dlib/gcc-arm-none-eabi-10.3-2021.10-win32/gcc-arm-none-eabi-10.3-2021.10/bin/../lib/gcc/arm-none-eabi/10.3.1/thumb/v7-m/nofp/crtbegin.o
 .ARM.attributes
                0x0000004a       0x2d CMakeFiles/LED1.elf.dir/Core/Src/main.c.obj
 .ARM.attributes
                0x00000077       0x2d CMakeFiles/LED1.elf.dir/Core/Src/stm32f1xx_hal_msp.c.obj
 .ARM.attributes
                0x000000a4       0x2d CMakeFiles/LED1.elf.dir/Core/Src/stm32f1xx_it.c.obj
 .ARM.attributes
                0x000000d1       0x2d CMakeFiles/LED1.elf.dir/Core/Src/system_stm32f1xx.c.obj
 .ARM.attributes
                0x000000fe       0x2d CMakeFiles/LED1.elf.dir/Drivers/STM32F1xx_HAL_Driver/Src/stm32f1xx_hal.c.obj
 .ARM.attributes
                0x0000012b       0x2d CMakeFiles/LED1.elf.dir/Drivers/STM32F1xx_HAL_Driver/Src/stm32f1xx_hal_cortex.c.obj
 .ARM.attributes
                0x00000158       0x2d CMakeFiles/LED1.elf.dir/Drivers/STM32F1xx_HAL_Driver/Src/stm32f1xx_hal_gpio.c.obj
 .ARM.attributes
                0x00000185       0x2d CMakeFiles/LED1.elf.dir/Drivers/STM32F1xx_HAL_Driver/Src/stm32f1xx_hal_rcc.c.obj
 .ARM.attributes
                0x000001b2       0x2d CMakeFiles/LED1.elf.dir/Drivers/STM32F1xx_HAL_Driver/Src/stm32f1xx_hal_uart.c.obj
 .ARM.attributes
                0x000001df       0x21 CMakeFiles/LED1.elf.dir/startup/startup_stm32f103xb.s.obj
 .ARM.attributes
                0x00000200       0x2d d:/dlib/gcc-arm-none-eabi-10.3-2021.10-win32/gcc-arm-none-eabi-10.3-2021.10/bin/../lib/gcc/arm-none-eabi/10.3.1/../../../../arm-none-eabi/lib/thumb/v7-m/nofp\libg.a(lib_a-impure.o)
 .ARM.attributes
                0x0000022d       0x2d d:/dlib/gcc-arm-none-eabi-10.3-2021.10-win32/gcc-arm-none-eabi-10.3-2021.10/bin/../lib/gcc/arm-none-eabi/10.3.1/../../../../arm-none-eabi/lib/thumb/v7-m/nofp\libg.a(lib_a-init.o)
 .ARM.attributes
                0x0000025a       0x2d d:/dlib/gcc-arm-none-eabi-10.3-2021.10-win32/gcc-arm-none-eabi-10.3-2021.10/bin/../lib/gcc/arm-none-eabi/10.3.1/../../../../arm-none-eabi/lib/thumb/v7-m/nofp\libg.a(lib_a-memset.o)
 .ARM.attributes
                0x00000287       0x2d d:/dlib/gcc-arm-none-eabi-10.3-2021.10-win32/gcc-arm-none-eabi-10.3-2021.10/bin/../lib/gcc/arm-none-eabi/10.3.1/../../../../arm-none-eabi/lib/thumb/v7-m/nofp\libg.a(lib_a-__call_atexit.o)
 .ARM.attributes
                0x000002b4       0x2d d:/dlib/gcc-arm-none-eabi-10.3-2021.10-win32/gcc-arm-none-eabi-10.3-2021.10/bin/../lib/gcc/arm-none-eabi/10.3.1/../../../../arm-none-eabi/lib/thumb/v7-m/nofp\libg.a(lib_a-atexit.o)
 .ARM.attributes
                0x000002e1       0x2d d:/dlib/gcc-arm-none-eabi-10.3-2021.10-win32/gcc-arm-none-eabi-10.3-2021.10/bin/../lib/gcc/arm-none-eabi/10.3.1/../../../../arm-none-eabi/lib/thumb/v7-m/nofp\libg.a(lib_a-fini.o)
 .ARM.attributes
                0x0000030e       0x2d d:/dlib/gcc-arm-none-eabi-10.3-2021.10-win32/gcc-arm-none-eabi-10.3-2021.10/bin/../lib/gcc/arm-none-eabi/10.3.1/../../../../arm-none-eabi/lib/thumb/v7-m/nofp\libg.a(lib_a-lock.o)
 .ARM.attributes
                0x0000033b       0x2d d:/dlib/gcc-arm-none-eabi-10.3-2021.10-win32/gcc-arm-none-eabi-10.3-2021.10/bin/../lib/gcc/arm-none-eabi/10.3.1/../../../../arm-none-eabi/lib/thumb/v7-m/nofp\libg.a(lib_a-__atexit.o)
 .ARM.attributes
                0x00000368       0x1d d:/dlib/gcc-arm-none-eabi-10.3-2021.10-win32/gcc-arm-none-eabi-10.3-2021.10/bin/../lib/gcc/arm-none-eabi/10.3.1/thumb/v7-m/nofp/crtn.o
OUTPUT(LED1.elf elf32-littlearm)
LOAD linker stubs
LOAD d:/dlib/gcc-arm-none-eabi-10.3-2021.10-win32/gcc-arm-none-eabi-10.3-2021.10/bin/../lib/gcc/arm-none-eabi/10.3.1/../../../../arm-none-eabi/lib/thumb/v7-m/nofp\libc.a
LOAD d:/dlib/gcc-arm-none-eabi-10.3-2021.10-win32/gcc-arm-none-eabi-10.3-2021.10/bin/../lib/gcc/arm-none-eabi/10.3.1/../../../../arm-none-eabi/lib/thumb/v7-m/nofp\libm.a
LOAD d:/dlib/gcc-arm-none-eabi-10.3-2021.10-win32/gcc-arm-none-eabi-10.3-2021.10/bin/../lib/gcc/arm-none-eabi/10.3.1/thumb/v7-m/nofp\libgcc.a

.debug_info     0x00000000     0x5929
 .debug_info    0x00000000      0xab5 CMakeFiles/LED1.elf.dir/Core/Src/main.c.obj
 .debug_info    0x00000ab5      0x878 CMakeFiles/LED1.elf.dir/Core/Src/stm32f1xx_hal_msp.c.obj
 .debug_info    0x0000132d      0x130 CMakeFiles/LED1.elf.dir/Core/Src/stm32f1xx_it.c.obj
 .debug_info    0x0000145d      0x248 CMakeFiles/LED1.elf.dir/Core/Src/system_stm32f1xx.c.obj
 .debug_info    0x000016a5      0x7a8 CMakeFiles/LED1.elf.dir/Drivers/STM32F1xx_HAL_Driver/Src/stm32f1xx_hal.c.obj
 .debug_info    0x00001e4d      0xd8a CMakeFiles/LED1.elf.dir/Drivers/STM32F1xx_HAL_Driver/Src/stm32f1xx_hal_cortex.c.obj
 .debug_info    0x00002bd7      0x66f CMakeFiles/LED1.elf.dir/Drivers/STM32F1xx_HAL_Driver/Src/stm32f1xx_hal_gpio.c.obj
 .debug_info    0x00003246      0xa36 CMakeFiles/LED1.elf.dir/Drivers/STM32F1xx_HAL_Driver/Src/stm32f1xx_hal_rcc.c.obj
 .debug_info    0x00003c7c     0x1c8b CMakeFiles/LED1.elf.dir/Drivers/STM32F1xx_HAL_Driver/Src/stm32f1xx_hal_uart.c.obj
 .debug_info    0x00005907       0x22 CMakeFiles/LED1.elf.dir/startup/startup_stm32f103xb.s.obj

.debug_abbrev   0x00000000     0x1175
 .debug_abbrev  0x00000000      0x20e CMakeFiles/LED1.elf.dir/Core/Src/main.c.obj
 .debug_abbrev  0x0000020e      0x1b0 CMakeFiles/LED1.elf.dir/Core/Src/stm32f1xx_hal_msp.c.obj
 .debug_abbrev  0x000003be       0x7e CMakeFiles/LED1.elf.dir/Core/Src/stm32f1xx_it.c.obj
 .debug_abbrev  0x0000043c      0x13e CMakeFiles/LED1.elf.dir/Core/Src/system_stm32f1xx.c.obj
 .debug_abbrev  0x0000057a      0x1f4 CMakeFiles/LED1.elf.dir/Drivers/STM32F1xx_HAL_Driver/Src/stm32f1xx_hal.c.obj
 .debug_abbrev  0x0000076e      0x341 CMakeFiles/LED1.elf.dir/Drivers/STM32F1xx_HAL_Driver/Src/stm32f1xx_hal_cortex.c.obj
 .debug_abbrev  0x00000aaf      0x1e6 CMakeFiles/LED1.elf.dir/Drivers/STM32F1xx_HAL_Driver/Src/stm32f1xx_hal_gpio.c.obj
 .debug_abbrev  0x00000c95      0x27a CMakeFiles/LED1.elf.dir/Drivers/STM32F1xx_HAL_Driver/Src/stm32f1xx_hal_rcc.c.obj
 .debug_abbrev  0x00000f0f      0x254 CMakeFiles/LED1.elf.dir/Drivers/STM32F1xx_HAL_Driver/Src/stm32f1xx_hal_uart.c.obj
 .debug_abbrev  0x00001163       0x12 CMakeFiles/LED1.elf.dir/startup/startup_stm32f103xb.s.obj

.debug_aranges  0x00000000      0x578
 .debug_aranges
                0x00000000       0x40 CMakeFiles/LED1.elf.dir/Core/Src/main.c.obj
 .debug_aranges
                0x00000040       0x30 CMakeFiles/LED1.elf.dir/Core/Src/stm32f1xx_hal_msp.c.obj
 .debug_aranges
                0x00000070       0x60 CMakeFiles/LED1.elf.dir/Core/Src/stm32f1xx_it.c.obj
 .debug_aranges
                0x000000d0       0x28 CMakeFiles/LED1.elf.dir/Core/Src/system_stm32f1xx.c.obj
 .debug_aranges
                0x000000f8       0xe0 CMakeFiles/LED1.elf.dir/Drivers/STM32F1xx_HAL_Driver/Src/stm32f1xx_hal.c.obj
 .debug_aranges
                0x000001d8       0x90 CMakeFiles/LED1.elf.dir/Drivers/STM32F1xx_HAL_Driver/Src/stm32f1xx_hal_cortex.c.obj
 .debug_aranges
                0x00000268       0x58 CMakeFiles/LED1.elf.dir/Drivers/STM32F1xx_HAL_Driver/Src/stm32f1xx_hal_gpio.c.obj
 .debug_aranges
                0x000002c0       0x90 CMakeFiles/LED1.elf.dir/Drivers/STM32F1xx_HAL_Driver/Src/stm32f1xx_hal_rcc.c.obj
 .debug_aranges
                0x00000350      0x200 CMakeFiles/LED1.elf.dir/Drivers/STM32F1xx_HAL_Driver/Src/stm32f1xx_hal_uart.c.obj
 .debug_aranges
                0x00000550       0x28 CMakeFiles/LED1.elf.dir/startup/startup_stm32f103xb.s.obj

.debug_ranges   0x00000000      0x560
 .debug_ranges  0x00000000       0x30 CMakeFiles/LED1.elf.dir/Core/Src/main.c.obj
 .debug_ranges  0x00000030       0x20 CMakeFiles/LED1.elf.dir/Core/Src/stm32f1xx_hal_msp.c.obj
 .debug_ranges  0x00000050       0x50 CMakeFiles/LED1.elf.dir/Core/Src/stm32f1xx_it.c.obj
 .debug_ranges  0x000000a0       0x18 CMakeFiles/LED1.elf.dir/Core/Src/system_stm32f1xx.c.obj
 .debug_ranges  0x000000b8       0xd0 CMakeFiles/LED1.elf.dir/Drivers/STM32F1xx_HAL_Driver/Src/stm32f1xx_hal.c.obj
 .debug_ranges  0x00000188       0xe0 CMakeFiles/LED1.elf.dir/Drivers/STM32F1xx_HAL_Driver/Src/stm32f1xx_hal_cortex.c.obj
 .debug_ranges  0x00000268       0x48 CMakeFiles/LED1.elf.dir/Drivers/STM32F1xx_HAL_Driver/Src/stm32f1xx_hal_gpio.c.obj
 .debug_ranges  0x000002b0       0xa0 CMakeFiles/LED1.elf.dir/Drivers/STM32F1xx_HAL_Driver/Src/stm32f1xx_hal_rcc.c.obj
 .debug_ranges  0x00000350      0x1f0 CMakeFiles/LED1.elf.dir/Drivers/STM32F1xx_HAL_Driver/Src/stm32f1xx_hal_uart.c.obj
 .debug_ranges  0x00000540       0x20 CMakeFiles/LED1.elf.dir/startup/startup_stm32f103xb.s.obj

.debug_line     0x00000000     0x4bf8
 .debug_line    0x00000000      0x459 CMakeFiles/LED1.elf.dir/Core/Src/main.c.obj
 .debug_line    0x00000459      0x2f7 CMakeFiles/LED1.elf.dir/Core/Src/stm32f1xx_hal_msp.c.obj
 .debug_line    0x00000750      0x1a1 CMakeFiles/LED1.elf.dir/Core/Src/stm32f1xx_it.c.obj
 .debug_line    0x000008f1      0x286 CMakeFiles/LED1.elf.dir/Core/Src/system_stm32f1xx.c.obj
 .debug_line    0x00000b77      0x598 CMakeFiles/LED1.elf.dir/Drivers/STM32F1xx_HAL_Driver/Src/stm32f1xx_hal.c.obj
 .debug_line    0x0000110f      0x68e CMakeFiles/LED1.elf.dir/Drivers/STM32F1xx_HAL_Driver/Src/stm32f1xx_hal_cortex.c.obj
 .debug_line    0x0000179d      0x638 CMakeFiles/LED1.elf.dir/Drivers/STM32F1xx_HAL_Driver/Src/stm32f1xx_hal_gpio.c.obj
 .debug_line    0x00001dd5      0xc81 CMakeFiles/LED1.elf.dir/Drivers/STM32F1xx_HAL_Driver/Src/stm32f1xx_hal_rcc.c.obj
 .debug_line    0x00002a56     0x2110 CMakeFiles/LED1.elf.dir/Drivers/STM32F1xx_HAL_Driver/Src/stm32f1xx_hal_uart.c.obj
 .debug_line    0x00004b66       0x92 CMakeFiles/LED1.elf.dir/startup/startup_stm32f103xb.s.obj

.debug_str      0x00000000     0x1d3b
 .debug_str     0x00000000      0x7af CMakeFiles/LED1.elf.dir/Core/Src/main.c.obj
                                0x842 (size before relaxing)
 .debug_str     0x000007af       0xa6 CMakeFiles/LED1.elf.dir/Core/Src/stm32f1xx_hal_msp.c.obj
                                0x6a4 (size before relaxing)
 .debug_str     0x00000855       0xc9 CMakeFiles/LED1.elf.dir/Core/Src/stm32f1xx_it.c.obj
                                0x24a (size before relaxing)
 .debug_str     0x0000091e       0x90 CMakeFiles/LED1.elf.dir/Core/Src/system_stm32f1xx.c.obj
                                0x27c (size before relaxing)
 .debug_str     0x000009ae      0x600 CMakeFiles/LED1.elf.dir/Drivers/STM32F1xx_HAL_Driver/Src/stm32f1xx_hal.c.obj
                                0x84c (size before relaxing)
 .debug_str     0x00000fae      0x3d7 CMakeFiles/LED1.elf.dir/Drivers/STM32F1xx_HAL_Driver/Src/stm32f1xx_hal_cortex.c.obj
                                0x8fb (size before relaxing)
 .debug_str     0x00001385      0x12c CMakeFiles/LED1.elf.dir/Drivers/STM32F1xx_HAL_Driver/Src/stm32f1xx_hal_gpio.c.obj
                                0x428 (size before relaxing)
 .debug_str     0x000014b1      0x206 CMakeFiles/LED1.elf.dir/Drivers/STM32F1xx_HAL_Driver/Src/stm32f1xx_hal_rcc.c.obj
                                0x653 (size before relaxing)
 .debug_str     0x000016b7      0x643 CMakeFiles/LED1.elf.dir/Drivers/STM32F1xx_HAL_Driver/Src/stm32f1xx_hal_uart.c.obj
                                0xcb6 (size before relaxing)
 .debug_str     0x00001cfa       0x41 CMakeFiles/LED1.elf.dir/startup/startup_stm32f103xb.s.obj
                                 0x6e (size before relaxing)

.comment        0x00000000       0x49
 .comment       0x00000000       0x49 CMakeFiles/LED1.elf.dir/Core/Src/main.c.obj
                                 0x4a (size before relaxing)
 .comment       0x00000049       0x4a CMakeFiles/LED1.elf.dir/Core/Src/stm32f1xx_hal_msp.c.obj
 .comment       0x00000049       0x4a CMakeFiles/LED1.elf.dir/Core/Src/stm32f1xx_it.c.obj
 .comment       0x00000049       0x4a CMakeFiles/LED1.elf.dir/Core/Src/system_stm32f1xx.c.obj
 .comment       0x00000049       0x4a CMakeFiles/LED1.elf.dir/Drivers/STM32F1xx_HAL_Driver/Src/stm32f1xx_hal.c.obj
 .comment       0x00000049       0x4a CMakeFiles/LED1.elf.dir/Drivers/STM32F1xx_HAL_Driver/Src/stm32f1xx_hal_cortex.c.obj
 .comment       0x00000049       0x4a CMakeFiles/LED1.elf.dir/Drivers/STM32F1xx_HAL_Driver/Src/stm32f1xx_hal_gpio.c.obj
 .comment       0x00000049       0x4a CMakeFiles/LED1.elf.dir/Drivers/STM32F1xx_HAL_Driver/Src/stm32f1xx_hal_rcc.c.obj
 .comment       0x00000049       0x4a CMakeFiles/LED1.elf.dir/Drivers/STM32F1xx_HAL_Driver/Src/stm32f1xx_hal_uart.c.obj

.debug_frame    0x00000000      0xed0
 .debug_frame   0x00000000       0x90 CMakeFiles/LED1.elf.dir/Core/Src/main.c.obj
 .debug_frame   0x00000090       0x60 CMakeFiles/LED1.elf.dir/Core/Src/stm32f1xx_hal_msp.c.obj
 .debug_frame   0x000000f0       0xa8 CMakeFiles/LED1.elf.dir/Core/Src/stm32f1xx_it.c.obj
 .debug_frame   0x00000198       0x30 CMakeFiles/LED1.elf.dir/Core/Src/system_stm32f1xx.c.obj
 .debug_frame   0x000001c8      0x1cc CMakeFiles/LED1.elf.dir/Drivers/STM32F1xx_HAL_Driver/Src/stm32f1xx_hal.c.obj
 .debug_frame   0x00000394      0x118 CMakeFiles/LED1.elf.dir/Drivers/STM32F1xx_HAL_Driver/Src/stm32f1xx_hal_cortex.c.obj
 .debug_frame   0x000004ac       0xe4 CMakeFiles/LED1.elf.dir/Drivers/STM32F1xx_HAL_Driver/Src/stm32f1xx_hal_gpio.c.obj
 .debug_frame   0x00000590      0x190 CMakeFiles/LED1.elf.dir/Drivers/STM32F1xx_HAL_Driver/Src/stm32f1xx_hal_rcc.c.obj
 .debug_frame   0x00000720      0x5c4 CMakeFiles/LED1.elf.dir/Drivers/STM32F1xx_HAL_Driver/Src/stm32f1xx_hal_uart.c.obj
 .debug_frame   0x00000ce4       0x2c d:/dlib/gcc-arm-none-eabi-10.3-2021.10-win32/gcc-arm-none-eabi-10.3-2021.10/bin/../lib/gcc/arm-none-eabi/10.3.1/../../../../arm-none-eabi/lib/thumb/v7-m/nofp\libg.a(lib_a-init.o)
 .debug_frame   0x00000d10       0x2c d:/dlib/gcc-arm-none-eabi-10.3-2021.10-win32/gcc-arm-none-eabi-10.3-2021.10/bin/../lib/gcc/arm-none-eabi/10.3.1/../../../../arm-none-eabi/lib/thumb/v7-m/nofp\libg.a(lib_a-memset.o)
 .debug_frame   0x00000d3c       0x5c d:/dlib/gcc-arm-none-eabi-10.3-2021.10-win32/gcc-arm-none-eabi-10.3-2021.10/bin/../lib/gcc/arm-none-eabi/10.3.1/../../../../arm-none-eabi/lib/thumb/v7-m/nofp\libg.a(lib_a-__call_atexit.o)
 .debug_frame   0x00000d98       0x20 d:/dlib/gcc-arm-none-eabi-10.3-2021.10-win32/gcc-arm-none-eabi-10.3-2021.10/bin/../lib/gcc/arm-none-eabi/10.3.1/../../../../arm-none-eabi/lib/thumb/v7-m/nofp\libg.a(lib_a-atexit.o)
 .debug_frame   0x00000db8       0x34 d:/dlib/gcc-arm-none-eabi-10.3-2021.10-win32/gcc-arm-none-eabi-10.3-2021.10/bin/../lib/gcc/arm-none-eabi/10.3.1/../../../../arm-none-eabi/lib/thumb/v7-m/nofp\libg.a(lib_a-fini.o)
 .debug_frame   0x00000dec       0xb0 d:/dlib/gcc-arm-none-eabi-10.3-2021.10-win32/gcc-arm-none-eabi-10.3-2021.10/bin/../lib/gcc/arm-none-eabi/10.3.1/../../../../arm-none-eabi/lib/thumb/v7-m/nofp\libg.a(lib_a-lock.o)
 .debug_frame   0x00000e9c       0x34 d:/dlib/gcc-arm-none-eabi-10.3-2021.10-win32/gcc-arm-none-eabi-10.3-2021.10/bin/../lib/gcc/arm-none-eabi/10.3.1/../../../../arm-none-eabi/lib/thumb/v7-m/nofp\libg.a(lib_a-__atexit.o)

.debug_loc      0x00000000     0x34ea
 .debug_loc     0x00000000       0x99 CMakeFiles/LED1.elf.dir/Core/Src/stm32f1xx_hal_msp.c.obj
 .debug_loc     0x00000099       0xff CMakeFiles/LED1.elf.dir/Core/Src/system_stm32f1xx.c.obj
 .debug_loc     0x00000198      0x141 CMakeFiles/LED1.elf.dir/Drivers/STM32F1xx_HAL_Driver/Src/stm32f1xx_hal.c.obj
 .debug_loc     0x000002d9      0x71f CMakeFiles/LED1.elf.dir/Drivers/STM32F1xx_HAL_Driver/Src/stm32f1xx_hal_cortex.c.obj
 .debug_loc     0x000009f8      0x47d CMakeFiles/LED1.elf.dir/Drivers/STM32F1xx_HAL_Driver/Src/stm32f1xx_hal_gpio.c.obj
 .debug_loc     0x00000e75      0x63e CMakeFiles/LED1.elf.dir/Drivers/STM32F1xx_HAL_Driver/Src/stm32f1xx_hal_rcc.c.obj
 .debug_loc     0x000014b3     0x2037 CMakeFiles/LED1.elf.dir/Drivers/STM32F1xx_HAL_Driver/Src/stm32f1xx_hal_uart.c.obj
